2026-07-30T15:37:53+08:00 | P0-START | INFO | - | 施工开始，工具链自检全绿（node v22.22.2 / npm 10.9.7 / gh 2.86.0 / vercel 54.20.0 / git 身份 Leo）
2026-07-30T23:39:39+08:00 | P0-DONE | INFO | - | P0 闸门：8 份 spec + 81 条 AC 落盘、typecheck 通过、vitest 可跑、playwright 已装、反作弊 0 命中、仓库已建已推
2026-07-30T23:44:53+08:00 | AC-1.1.1 | RED | - | E2E 未登录重定向测试已写，跑挂：登录页还不存在
2026-07-30T23:44:53+08:00 | AC-1.1.2 | RED | - | hub-auth 缺 resolveCookieDomain；E2E Cookie 断言失败
2026-07-30T23:44:53+08:00 | AC-1.2.1 | RED | - | components/identity-switcher 尚未创建
2026-07-30T23:44:53+08:00 | AC-7.1.1 | RED | - | 侧边栏与五页尚未创建
2026-07-30T23:44:53+08:00 | AC-7.2.1 | RED | - | 总览页尚未创建
2026-07-31T00:06:03+08:00 | AC-1.1.1 | GREEN | - | proxy.ts matcher 生效，E2E 2 passed
2026-07-31T00:06:03+08:00 | AC-1.1.2 | GREEN | - | resolveCookieDomain + 登录接口按 Host 选域，unit+e2e 全绿
2026-07-31T00:06:03+08:00 | AC-1.1.3 | GREEN | - | 401 且响应体不含密码片段
2026-07-31T00:06:03+08:00 | AC-1.1.4 | GREEN | - | 未配置 env 时 checkPassword 恒 false，/api/login 返 503
2026-07-31T00:06:03+08:00 | AC-1.2.1 | GREEN | - | 身份切换器三个员工可选
2026-07-31T00:06:03+08:00 | AC-1.2.2 | GREEN | - | 切换回传 code，页面 version bump 后重新取数
2026-07-31T00:06:03+08:00 | AC-1.2.3 | GREEN | - | localStorage 持久化
2026-07-31T00:06:03+08:00 | AC-1.3.4 | GREEN | - | .from('bt_ 只出现在 lib/db.ts，守卫测试绿
2026-07-31T00:06:03+08:00 | AC-7.1.1 | GREEN | - | 侧边栏公司名+切换器+五菜单
2026-07-31T00:06:03+08:00 | AC-7.1.2 | GREEN | - | body #f6f7f9 / card #ffffff，computed style 断言通过
2026-07-31T00:06:03+08:00 | AC-7.1.3 | GREEN | - | 1280px 下五页均无横向滚动
2026-07-31T00:06:03+08:00 | AC-7.2.1 | GREEN | - | 四数字卡+员工墙+时间线
2026-07-31T00:06:03+08:00 | AC-7.2.2 | GREEN | - | 上传区+文件表格+抽屉切片带出处
2026-07-31T00:06:03+08:00 | AC-7.2.3 | GREEN | - | 五类分组+三开关+出处小字
2026-07-31T00:06:03+08:00 | AC-7.2.4 | GREEN | - | 左选人右清单+预览发起+三步进度
2026-07-31T00:06:03+08:00 | AC-7.2.5 | GREEN | - | 两个 tab
2026-07-31T00:06:03+08:00 | AC-7.2.6 | GREEN | - | 切到李销售，四页均显示空态非白屏
2026-07-31T00:22:21+08:00 | AC-2.1.1 | RED | - | P2 测试先行，实现前跑挂（模块不存在/断言不满足）
2026-07-31T00:22:21+08:00 | AC-2.1.2 | RED | - | P2 测试先行，实现前跑挂（模块不存在/断言不满足）
2026-07-31T00:22:21+08:00 | AC-2.1.3 | RED | - | P2 测试先行，实现前跑挂（模块不存在/断言不满足）
2026-07-31T00:22:21+08:00 | AC-2.1.4 | RED | - | P2 测试先行，实现前跑挂（模块不存在/断言不满足）
2026-07-31T00:22:21+08:00 | AC-2.2.1 | RED | - | P2 测试先行，实现前跑挂（模块不存在/断言不满足）
2026-07-31T00:22:21+08:00 | AC-2.2.2 | RED | - | P2 测试先行，实现前跑挂（模块不存在/断言不满足）
2026-07-31T00:22:21+08:00 | AC-2.2.3 | RED | - | P2 测试先行，实现前跑挂（模块不存在/断言不满足）
2026-07-31T00:22:21+08:00 | AC-2.2.4 | RED | - | P2 测试先行，实现前跑挂（模块不存在/断言不满足）
2026-07-31T00:22:21+08:00 | AC-2.2.5 | RED | - | P2 测试先行，实现前跑挂（模块不存在/断言不满足）
2026-07-31T00:22:21+08:00 | AC-2.3.1 | RED | - | P2 测试先行，实现前跑挂（模块不存在/断言不满足）
2026-07-31T00:22:21+08:00 | AC-2.3.2 | RED | - | P2 测试先行，实现前跑挂（模块不存在/断言不满足）
2026-07-31T00:22:21+08:00 | AC-2.3.3 | RED | - | P2 测试先行，实现前跑挂（模块不存在/断言不满足）
2026-07-31T00:22:21+08:00 | AC-3.1.1 | RED | - | P2 测试先行，实现前跑挂（模块不存在/断言不满足）
2026-07-31T00:22:21+08:00 | AC-3.1.2 | RED | - | P2 测试先行，实现前跑挂（模块不存在/断言不满足）
2026-07-31T00:22:21+08:00 | AC-3.1.3 | RED | - | P2 测试先行，实现前跑挂（模块不存在/断言不满足）
2026-07-31T00:22:21+08:00 | AC-3.1.4 | RED | - | P2 测试先行，实现前跑挂（模块不存在/断言不满足）
2026-07-31T00:22:21+08:00 | AC-3.2.1 | RED | - | P2 测试先行，实现前跑挂（模块不存在/断言不满足）
2026-07-31T00:23:03+08:00 | AC-2.1.1 | GREEN | f6a2615 | P2 实现落地，unit 24 passed / integration 26 passed
2026-07-31T00:23:03+08:00 | AC-2.1.2 | GREEN | f6a2615 | P2 实现落地，unit 24 passed / integration 26 passed
2026-07-31T00:23:03+08:00 | AC-2.1.3 | GREEN | f6a2615 | P2 实现落地，unit 24 passed / integration 26 passed
2026-07-31T00:23:03+08:00 | AC-2.1.4 | GREEN | f6a2615 | P2 实现落地，unit 24 passed / integration 26 passed
2026-07-31T00:23:03+08:00 | AC-2.2.1 | GREEN | f6a2615 | P2 实现落地，unit 24 passed / integration 26 passed
2026-07-31T00:23:03+08:00 | AC-2.2.2 | GREEN | f6a2615 | P2 实现落地，unit 24 passed / integration 26 passed
2026-07-31T00:23:03+08:00 | AC-2.2.3 | GREEN | f6a2615 | P2 实现落地，unit 24 passed / integration 26 passed
2026-07-31T00:23:03+08:00 | AC-2.2.4 | GREEN | f6a2615 | P2 实现落地，unit 24 passed / integration 26 passed
2026-07-31T00:23:03+08:00 | AC-2.2.5 | GREEN | f6a2615 | P2 实现落地，unit 24 passed / integration 26 passed
2026-07-31T00:23:03+08:00 | AC-2.3.1 | GREEN | f6a2615 | P2 实现落地，unit 24 passed / integration 26 passed
2026-07-31T00:23:03+08:00 | AC-2.3.2 | GREEN | f6a2615 | P2 实现落地，unit 24 passed / integration 26 passed
2026-07-31T00:23:03+08:00 | AC-2.3.3 | GREEN | f6a2615 | P2 实现落地，unit 24 passed / integration 26 passed
2026-07-31T00:23:03+08:00 | AC-3.1.1 | GREEN | f6a2615 | P2 实现落地，unit 24 passed / integration 26 passed
2026-07-31T00:23:03+08:00 | AC-3.1.2 | GREEN | f6a2615 | P2 实现落地，unit 24 passed / integration 26 passed
2026-07-31T00:23:03+08:00 | AC-3.1.3 | GREEN | f6a2615 | P2 实现落地，unit 24 passed / integration 26 passed
2026-07-31T00:23:03+08:00 | AC-3.1.4 | GREEN | f6a2615 | P2 实现落地，unit 24 passed / integration 26 passed
2026-07-31T00:23:03+08:00 | AC-3.2.1 | GREEN | f6a2615 | P2 实现落地，unit 24 passed / integration 26 passed
2026-07-31T00:23:03+08:00 | AC-2.3.4 | GREEN | f6a2615 | 单次 step 最多处理 40 条 chunk 的 embedding（EMBED_BATCH_SIZE），远小于 300s 函数上限
